Archive member included because of file (symbol)

c:/winavr-20100110/bin/../lib/gcc/avr/4.3.3/avr5\libgcc.a(_exit.o)
                              c:/winavr-20100110/bin/../lib/gcc/avr/4.3.3/../../../../avr/lib/avr5/crtm169.o (exit)
c:/winavr-20100110/bin/../lib/gcc/avr/4.3.3/avr5\libgcc.a(_copy_data.o)
                              main.o (__do_copy_data)
c:/winavr-20100110/bin/../lib/gcc/avr/4.3.3/avr5\libgcc.a(_clear_bss.o)
                              main.o (__do_clear_bss)

Allocating common symbols
Common symbol       size              file

flag2               0x1               main.o
flag1               0x1               main.o
clear_sub_disp      0x1               main.o

Memory Configuration

Name             Origin             Length             Attributes
text             0x00000000         0x00020000         xr
data             0x00800060         0x0000ffa0         rw !x
eeprom           0x00810000         0x00010000         rw !x
fuse             0x00820000         0x00000400         rw !x
lock             0x00830000         0x00000400         rw !x
signature        0x00840000         0x00000400         rw !x
*default*        0x00000000         0xffffffff

Linker script and memory map

Address of section .data set to 0x800100
LOAD c:/winavr-20100110/bin/../lib/gcc/avr/4.3.3/../../../../avr/lib/avr5/crtm169.o
LOAD main.o
LOAD c:/winavr-20100110/bin/../lib/gcc/avr/4.3.3/avr5\libgcc.a
LOAD c:/winavr-20100110/bin/../lib/gcc/avr/4.3.3/../../../../avr/lib/avr5\libc.a
LOAD c:/winavr-20100110/bin/../lib/gcc/avr/4.3.3/avr5\libgcc.a

.hash
 *(.hash)

.dynsym
 *(.dynsym)

.dynstr
 *(.dynstr)

.gnu.version
 *(.gnu.version)

.gnu.version_d
 *(.gnu.version_d)

.gnu.version_r
 *(.gnu.version_r)

.rel.init
 *(.rel.init)

.rela.init
 *(.rela.init)

.rel.text
 *(.rel.text)
 *(.rel.text.*)
 *(.rel.gnu.linkonce.t*)

.rela.text
 *(.rela.text)
 *(.rela.text.*)
 *(.rela.gnu.linkonce.t*)

.rel.fini
 *(.rel.fini)

.rela.fini
 *(.rela.fini)

.rel.rodata
 *(.rel.rodata)
 *(.rel.rodata.*)
 *(.rel.gnu.linkonce.r*)

.rela.rodata
 *(.rela.rodata)
 *(.rela.rodata.*)
 *(.rela.gnu.linkonce.r*)

.rel.data
 *(.rel.data)
 *(.rel.data.*)
 *(.rel.gnu.linkonce.d*)

.rela.data
 *(.rela.data)
 *(.rela.data.*)
 *(.rela.gnu.linkonce.d*)

.rel.ctors
 *(.rel.ctors)

.rela.ctors
 *(.rela.ctors)

.rel.dtors
 *(.rel.dtors)

.rela.dtors
 *(.rela.dtors)

.rel.got
 *(.rel.got)

.rela.got
 *(.rela.got)

.rel.bss
 *(.rel.bss)

.rela.bss
 *(.rela.bss)

.rel.plt
 *(.rel.plt)

.rela.plt
 *(.rela.plt)

.text           0x00000000     0x2d26
 *(.vectors)
 .vectors       0x00000000       0x5c c:/winavr-20100110/bin/../lib/gcc/avr/4.3.3/../../../../avr/lib/avr5/crtm169.o
                0x00000000                __vectors
                0x00000000                __vector_default
 *(.vectors)
 *(.progmem.gcc*)
 *(.progmem*)
                0x0000005c                . = ALIGN (0x2)
                0x0000005c                __trampolines_start = .
 *(.trampolines)
 .trampolines   0x0000005c        0x0 linker stubs
 *(.trampolines*)
                0x0000005c                __trampolines_end = .
 *(.jumptables)
 *(.jumptables*)
 *(.lowtext)
 *(.lowtext*)
                0x0000005c                __ctors_start = .
 *(.ctors)
                0x0000005c                __ctors_end = .
                0x0000005c                __dtors_start = .
 *(.dtors)
                0x0000005c                __dtors_end = .
 SORT(*)(.ctors)
 SORT(*)(.dtors)
 *(.init0)
 .init0         0x0000005c        0x0 c:/winavr-20100110/bin/../lib/gcc/avr/4.3.3/../../../../avr/lib/avr5/crtm169.o
                0x0000005c                __init
 *(.init0)
 *(.init1)
 *(.init1)
 *(.init2)
 .init2         0x0000005c        0xc c:/winavr-20100110/bin/../lib/gcc/avr/4.3.3/../../../../avr/lib/avr5/crtm169.o
 *(.init2)
 *(.init3)
 *(.init3)
 *(.init4)
 .init4         0x00000068       0x16 c:/winavr-20100110/bin/../lib/gcc/avr/4.3.3/avr5\libgcc.a(_copy_data.o)
                0x00000068                __do_copy_data
 .init4         0x0000007e       0x10 c:/winavr-20100110/bin/../lib/gcc/avr/4.3.3/avr5\libgcc.a(_clear_bss.o)
                0x0000007e                __do_clear_bss
 *(.init4)
 *(.init5)
 *(.init5)
 *(.init6)
 *(.init6)
 *(.init7)
 *(.init7)
 *(.init8)
 *(.init8)
 *(.init9)
 .init9         0x0000008e        0x8 c:/winavr-20100110/bin/../lib/gcc/avr/4.3.3/../../../../avr/lib/avr5/crtm169.o
 *(.init9)
 *(.text)
 .text          0x00000096        0x4 c:/winavr-20100110/bin/../lib/gcc/avr/4.3.3/../../../../avr/lib/avr5/crtm169.o
                0x00000096                __vector_22
                0x00000096                __vector_1
                0x00000096                __vector_12
                0x00000096                __bad_interrupt
                0x00000096                __vector_6
                0x00000096                __vector_3
                0x00000096                __vector_13
                0x00000096                __vector_17
                0x00000096                __vector_19
                0x00000096                __vector_7
                0x00000096                __vector_4
                0x00000096                __vector_2
                0x00000096                __vector_21
                0x00000096                __vector_15
                0x00000096                __vector_8
                0x00000096                __vector_14
                0x00000096                __vector_10
                0x00000096                __vector_16
                0x00000096                __vector_18
                0x00000096                __vector_20
 .text          0x0000009a     0x2c88 main.o
                0x00002b1c                checkTimedRelayTWO
                0x000000b4                LCD_disable
                0x00000324                keypad_Get_Pressed
                0x00002c2a                __vector_11
                0x00000310                keypadInit
                0x00002746                __vector_5
                0x0000009a                LCD_Init
                0x000003f4                main
                0x00000112                Send_Character
                0x00000476                __vector_9
                0x00002a0e                checkTimedRelayONE
                0x000000d0                Clear_LCD
 .text          0x00002d22        0x0 c:/winavr-20100110/bin/../lib/gcc/avr/4.3.3/avr5\libgcc.a(_exit.o)
 .text          0x00002d22        0x0 c:/winavr-20100110/bin/../lib/gcc/avr/4.3.3/avr5\libgcc.a(_copy_data.o)
 .text          0x00002d22        0x0 c:/winavr-20100110/bin/../lib/gcc/avr/4.3.3/avr5\libgcc.a(_clear_bss.o)
                0x00002d22                . = ALIGN (0x2)
 *(.text.*)
 .text.libgcc   0x00002d22        0x0 c:/winavr-20100110/bin/../lib/gcc/avr/4.3.3/avr5\libgcc.a(_exit.o)
 .text.libgcc   0x00002d22        0x0 c:/winavr-20100110/bin/../lib/gcc/avr/4.3.3/avr5\libgcc.a(_copy_data.o)
 .text.libgcc   0x00002d22        0x0 c:/winavr-20100110/bin/../lib/gcc/avr/4.3.3/avr5\libgcc.a(_clear_bss.o)
                0x00002d22                . = ALIGN (0x2)
 *(.fini9)
 .fini9         0x00002d22        0x0 c:/winavr-20100110/bin/../lib/gcc/avr/4.3.3/avr5\libgcc.a(_exit.o)
                0x00002d22                exit
                0x00002d22                _exit
 *(.fini9)
 *(.fini8)
 *(.fini8)
 *(.fini7)
 *(.fini7)
 *(.fini6)
 *(.fini6)
 *(.fini5)
 *(.fini5)
 *(.fini4)
 *(.fini4)
 *(.fini3)
 *(.fini3)
 *(.fini2)
 *(.fini2)
 *(.fini1)
 *(.fini1)
 *(.fini0)
 .fini0         0x00002d22        0x4 c:/winavr-20100110/bin/../lib/gcc/avr/4.3.3/avr5\libgcc.a(_exit.o)
 *(.fini0)
                0x00002d26                _etext = .

.data           0x00800100       0x56 load address 0x00002d26
                0x00800100                PROVIDE (__data_start, .)
 *(.data)
 .data          0x00800100        0x0 c:/winavr-20100110/bin/../lib/gcc/avr/4.3.3/../../../../avr/lib/avr5/crtm169.o
 .data          0x00800100       0x55 main.o
                0x00800154                button_pressed
                0x00800100                num2segTable
                0x0080010a                nib
 .data          0x00800155        0x0 c:/winavr-20100110/bin/../lib/gcc/avr/4.3.3/avr5\libgcc.a(_exit.o)
 .data          0x00800155        0x0 c:/winavr-20100110/bin/../lib/gcc/avr/4.3.3/avr5\libgcc.a(_copy_data.o)
 .data          0x00800155        0x0 c:/winavr-20100110/bin/../lib/gcc/avr/4.3.3/avr5\libgcc.a(_clear_bss.o)
 *(.data*)
 *(.rodata)
 *(.rodata*)
 *(.gnu.linkonce.d*)
                0x00800156                . = ALIGN (0x2)
 *fill*         0x00800155        0x1 00
                0x00800156                _edata = .
                0x00800156                PROVIDE (__data_end, .)

.bss            0x00800156       0x31
                0x00800156                PROVIDE (__bss_start, .)
 *(.bss)
 .bss           0x00800156        0x0 c:/winavr-20100110/bin/../lib/gcc/avr/4.3.3/../../../../avr/lib/avr5/crtm169.o
 .bss           0x00800156       0x2e main.o
                0x00800157                sec_tens
                0x00800167                div1_Cdown_min_tens
                0x0080016f                div2_off_min_tens
                0x0080017c                screenDispNum
                0x0080015d                div1_on_min_tens
                0x00800166                div1_Cdown_min_unit
                0x00800160                div1_off_min_unit
                0x00800169                div1_Cdown_hr_tens
                0x00800176                div2_Cdown_hr_unit
                0x00800164                div1_Cdown_sec_unit
                0x0080016e                div2_off_min_unit
                0x0080015f                div1_on_hr_tens
                0x0080016d                div2_on_hr_tens
                0x0080015a                hr_unit
                0x00800158                min_unit
                0x00800168                div1_Cdown_hr_unit
                0x00800173                div2_Cdown_sec_tens
                0x00800182                lockout1
                0x0080017f                i
                0x00800161                div1_off_min_tens
                0x00800178                min_unit_temp
                0x00800177                div2_Cdown_hr_tens
                0x0080017b                hr_tens_temp
                0x00800180                relay_1_state
                0x0080017d                button_wait_time
                0x00800165                div1_Cdown_sec_tens
                0x00800170                div2_off_hr_unit
                0x0080017a                hr_unit_temp
                0x00800156                sec_unit
                0x00800175                div2_Cdown_min_tens
                0x00800159                min_tens
                0x00800162                div1_off_hr_unit
                0x0080015b                hr_tens
                0x00800183                lockout2
                0x0080015c                div1_on_min_unit
                0x00800181                relay_2_state
                0x0080016b                div2_on_min_tens
                0x00800172                div2_Cdown_sec_unit
                0x0080016a                div2_on_min_unit
                0x00800174                div2_Cdown_min_unit
                0x00800179                min_tens_temp
                0x0080015e                div1_on_hr_unit
                0x0080017e                sub_display
                0x0080016c                div2_on_hr_unit
                0x00800171                div2_off_hr_tens
                0x00800163                div1_off_hr_tens
 .bss           0x00800184        0x0 c:/winavr-20100110/bin/../lib/gcc/avr/4.3.3/avr5\libgcc.a(_exit.o)
 .bss           0x00800184        0x0 c:/winavr-20100110/bin/../lib/gcc/avr/4.3.3/avr5\libgcc.a(_copy_data.o)
 .bss           0x00800184        0x0 c:/winavr-20100110/bin/../lib/gcc/avr/4.3.3/avr5\libgcc.a(_clear_bss.o)
 *(.bss*)
 *(COMMON)
 COMMON         0x00800184        0x3 main.o
                0x00800184                flag2
                0x00800185                flag1
                0x00800186                clear_sub_disp
                0x00800187                PROVIDE (__bss_end, .)
                0x00002d26                __data_load_start = LOADADDR (.data)
                0x00002d7c                __data_load_end = (__data_load_start + SIZEOF (.data))

.noinit         0x00800187        0x0
                0x00800187                PROVIDE (__noinit_start, .)
 *(.noinit*)
                0x00800187                PROVIDE (__noinit_end, .)
                0x00800187                _end = .
                0x00800187                PROVIDE (__heap_start, .)

.eeprom         0x00810000        0x0
 *(.eeprom*)
                0x00810000                __eeprom_end = .

.fuse
 *(.fuse)
 *(.lfuse)
 *(.hfuse)
 *(.efuse)

.lock
 *(.lock*)

.signature
 *(.signature*)

.stab
 *(.stab)

.stabstr
 *(.stabstr)

.stab.excl
 *(.stab.excl)

.stab.exclstr
 *(.stab.exclstr)

.stab.index
 *(.stab.index)

.stab.indexstr
 *(.stab.indexstr)

.comment
 *(.comment)

.debug
 *(.debug)

.line
 *(.line)

.debug_srcinfo
 *(.debug_srcinfo)

.debug_sfnames
 *(.debug_sfnames)

.debug_aranges  0x00000000       0x20
 *(.debug_aranges)
 .debug_aranges
                0x00000000       0x20 main.o

.debug_pubnames
                0x00000000      0x4a7
 *(.debug_pubnames)
 .debug_pubnames
                0x00000000      0x4a7 main.o

.debug_info     0x00000000      0x793
 *(.debug_info)
 .debug_info    0x00000000      0x793 main.o
 *(.gnu.linkonce.wi.*)

.debug_abbrev   0x00000000      0x15e
 *(.debug_abbrev)
 .debug_abbrev  0x00000000      0x15e main.o

.debug_line     0x00000000     0x27dd
 *(.debug_line)
 .debug_line    0x00000000     0x27dd main.o

.debug_frame    0x00000000       0xd0
 *(.debug_frame)
 .debug_frame   0x00000000       0xd0 main.o

.debug_str      0x00000000      0x430
 *(.debug_str)
 .debug_str     0x00000000      0x430 main.o
                                0x498 (size before relaxing)

.debug_loc      0x00000000      0x44e
 *(.debug_loc)
 .debug_loc     0x00000000      0x44e main.o

.debug_macinfo
 *(.debug_macinfo)
OUTPUT(butterflyTest1.elf elf32-avr)
LOAD linker stubs
