Archive member included because of file (symbol)

c:/winavr-20081205/bin/../lib/gcc/avr/4.3.2/avr5\libgcc.a(_mulsi3.o)
                              uart.o (__mulsi3)
c:/winavr-20081205/bin/../lib/gcc/avr/4.3.2/avr5\libgcc.a(_divmodsi4.o)
                              AVRBFLY.o (__divmodsi4)
c:/winavr-20081205/bin/../lib/gcc/avr/4.3.2/avr5\libgcc.a(_exit.o)
                              c:/winavr-20081205/bin/../lib/gcc/avr/4.3.2/../../../../avr/lib/avr5/crtm169.o (exit)
c:/winavr-20081205/bin/../lib/gcc/avr/4.3.2/avr5\libgcc.a(_copy_data.o)
                              AVRBFLY.o (__do_copy_data)
c:/winavr-20081205/bin/../lib/gcc/avr/4.3.2/avr5\libgcc.a(_clear_bss.o)
                              AVRBFLY.o (__do_clear_bss)
c:/winavr-20081205/bin/../lib/gcc/avr/4.3.2/avr5\libgcc.a(_si_to_sf.o)
                              name_of_project_v2.o (__floatsisf)
c:/winavr-20081205/bin/../lib/gcc/avr/4.3.2/avr5\libgcc.a(_sf_to_si.o)
                              name_of_project_v2.o (__fixsfsi)
c:/winavr-20081205/bin/../lib/gcc/avr/4.3.2/avr5\libgcc.a(_udivmodsi4.o)
                              c:/winavr-20081205/bin/../lib/gcc/avr/4.3.2/avr5\libgcc.a(_divmodsi4.o) (__udivmodsi4)
c:/winavr-20081205/bin/../lib/gcc/avr/4.3.2/avr5\libgcc.a(_prologue.o)
                              c:/winavr-20081205/bin/../lib/gcc/avr/4.3.2/avr5\libgcc.a(_si_to_sf.o) (__prologue_saves__)
c:/winavr-20081205/bin/../lib/gcc/avr/4.3.2/avr5\libgcc.a(_epilogue.o)
                              c:/winavr-20081205/bin/../lib/gcc/avr/4.3.2/avr5\libgcc.a(_si_to_sf.o) (__epilogue_restores__)
c:/winavr-20081205/bin/../lib/gcc/avr/4.3.2/avr5\libgcc.a(_clzsi2.o)
                              c:/winavr-20081205/bin/../lib/gcc/avr/4.3.2/avr5\libgcc.a(_si_to_sf.o) (__clzsi2)
c:/winavr-20081205/bin/../lib/gcc/avr/4.3.2/avr5\libgcc.a(_pack_sf.o)
                              c:/winavr-20081205/bin/../lib/gcc/avr/4.3.2/avr5\libgcc.a(_si_to_sf.o) (__pack_f)
c:/winavr-20081205/bin/../lib/gcc/avr/4.3.2/avr5\libgcc.a(_unpack_sf.o)
                              c:/winavr-20081205/bin/../lib/gcc/avr/4.3.2/avr5\libgcc.a(_sf_to_si.o) (__unpack_f)
c:/winavr-20081205/bin/../lib/gcc/avr/4.3.2/avr5\libgcc.a(_clz.o)
                              c:/winavr-20081205/bin/../lib/gcc/avr/4.3.2/avr5\libgcc.a(_clzsi2.o) (__clz_tab)
c:/winavr-20081205/bin/../lib/gcc/avr/4.3.2/../../../../avr/lib/avr5\libc.a(dtostrf.o)
                              name_of_project_v2.o (dtostrf)
c:/winavr-20081205/bin/../lib/gcc/avr/4.3.2/../../../../avr/lib/avr5\libc.a(random.o)
                              AVRBFLY.o (srandom)
c:/winavr-20081205/bin/../lib/gcc/avr/4.3.2/../../../../avr/lib/avr5\libc.a(dtoa_prf.o)
                              c:/winavr-20081205/bin/../lib/gcc/avr/4.3.2/../../../../avr/lib/avr5\libc.a(dtostrf.o) (dtoa_prf)
c:/winavr-20081205/bin/../lib/gcc/avr/4.3.2/../../../../avr/lib/avr5\libc.a(ftoa_engine.o)
                              c:/winavr-20081205/bin/../lib/gcc/avr/4.3.2/../../../../avr/lib/avr5\libc.a(dtoa_prf.o) (__ftoa_engine)

Allocating common symbols
Common symbol       size              file

PageBits            0x1               dataflash.o
gScrollMode         0x1               Macro_lcd.o
uart_str            0x15              uart.o
gHOUR               0x1               RTC.o
lcd_str             0x1e              Macro_lcd.o
v                   0x4               Macro_lcd.o
gSECOND             0x1               RTC.o
gDAY                0x1               RTC.o
LCD_Data            0x14              Macro_lcd.o
gYEAR               0x2               RTC.o
gTextBuffer         0x19              Macro_lcd.o
PageSize            0x2               dataflash.o
gMONTH              0x1               RTC.o
gScroll             0x1               Macro_lcd.o
gMINUTE             0x1               RTC.o

Memory Configuration

Name             Origin             Length             Attributes
text             0x00000000         0x00020000         xr
data             0x00800060         0x0000ffa0         rw !x
eeprom           0x00810000         0x00010000         rw !x
fuse             0x00820000         0x00000400         rw !x
lock             0x00830000         0x00000400         rw !x
signature        0x00840000         0x00000400         rw !x
*default*        0x00000000         0xffffffff

Linker script and memory map

Address of section .data set to 0x800100
LOAD c:/winavr-20081205/bin/../lib/gcc/avr/4.3.2/../../../../avr/lib/avr5/crtm169.o
LOAD AVRBFLY.o
LOAD dataflash.o
LOAD Macro_lcd.o
LOAD uart.o
LOAD name_of_project_v2.o
LOAD RTC.o
LOAD BCD.o
LOAD c:/winavr-20081205/bin/../lib/gcc/avr/4.3.2/avr5\libgcc.a
LOAD c:/winavr-20081205/bin/../lib/gcc/avr/4.3.2/../../../../avr/lib/avr5\libc.a
LOAD c:/winavr-20081205/bin/../lib/gcc/avr/4.3.2/avr5\libgcc.a

.hash
 *(.hash)

.dynsym
 *(.dynsym)

.dynstr
 *(.dynstr)

.gnu.version
 *(.gnu.version)

.gnu.version_d
 *(.gnu.version_d)

.gnu.version_r
 *(.gnu.version_r)

.rel.init
 *(.rel.init)

.rela.init
 *(.rela.init)

.rel.text
 *(.rel.text)
 *(.rel.text.*)
 *(.rel.gnu.linkonce.t*)

.rela.text
 *(.rela.text)
 *(.rela.text.*)
 *(.rela.gnu.linkonce.t*)

.rel.fini
 *(.rel.fini)

.rela.fini
 *(.rela.fini)

.rel.rodata
 *(.rel.rodata)
 *(.rel.rodata.*)
 *(.rel.gnu.linkonce.r*)

.rela.rodata
 *(.rela.rodata)
 *(.rela.rodata.*)
 *(.rela.gnu.linkonce.r*)

.rel.data
 *(.rel.data)
 *(.rel.data.*)
 *(.rel.gnu.linkonce.d*)

.rela.data
 *(.rela.data)
 *(.rela.data.*)
 *(.rela.gnu.linkonce.d*)

.rel.ctors
 *(.rel.ctors)

.rela.ctors
 *(.rela.ctors)

.rel.dtors
 *(.rel.dtors)

.rela.dtors
 *(.rela.dtors)

.rel.got
 *(.rel.got)

.rela.got
 *(.rela.got)

.rel.bss
 *(.rel.bss)

.rela.bss
 *(.rela.bss)

.rel.plt
 *(.rel.plt)

.rela.plt
 *(.rela.plt)

.text           0x00000000     0x3ab8
 *(.vectors)
 .vectors       0x00000000       0x5c c:/winavr-20081205/bin/../lib/gcc/avr/4.3.2/../../../../avr/lib/avr5/crtm169.o
                0x00000000                __vectors
                0x00000000                __vector_default
 *(.vectors)
 *(.progmem.gcc*)
 *(.progmem*)
 .progmem.data  0x0000005c       0x6e Macro_lcd.o
                0x0000005c                LCD_character_table
 .progmem.data  0x000000ca       0xfa c:/winavr-20081205/bin/../lib/gcc/avr/4.3.2/../../../../avr/lib/avr5\libc.a(ftoa_engine.o)
                0x000001c4                . = ALIGN (0x2)
                0x000001c4                __trampolines_start = .
 *(.trampolines)
 .trampolines   0x000001c4        0x0 linker stubs
 *(.trampolines*)
                0x000001c4                __trampolines_end = .
 *(.jumptables)
 *(.jumptables*)
 *(.lowtext)
 *(.lowtext*)
                0x000001c4                __ctors_start = .
 *(.ctors)
                0x000001c4                __ctors_end = .
                0x000001c4                __dtors_start = .
 *(.dtors)
                0x000001c4                __dtors_end = .
 SORT(*)(.ctors)
 SORT(*)(.dtors)
 *(.init0)
 .init0         0x000001c4        0x0 c:/winavr-20081205/bin/../lib/gcc/avr/4.3.2/../../../../avr/lib/avr5/crtm169.o
                0x000001c4                __init
 *(.init0)
 *(.init1)
 *(.init1)
 *(.init2)
 .init2         0x000001c4        0xc c:/winavr-20081205/bin/../lib/gcc/avr/4.3.2/../../../../avr/lib/avr5/crtm169.o
 *(.init2)
 *(.init3)
 *(.init3)
 *(.init4)
 .init4         0x000001d0       0x16 c:/winavr-20081205/bin/../lib/gcc/avr/4.3.2/avr5\libgcc.a(_copy_data.o)
                0x000001d0                __do_copy_data
 .init4         0x000001e6       0x10 c:/winavr-20081205/bin/../lib/gcc/avr/4.3.2/avr5\libgcc.a(_clear_bss.o)
                0x000001e6                __do_clear_bss
 *(.init4)
 *(.init5)
 *(.init5)
 *(.init6)
 *(.init6)
 *(.init7)
 *(.init7)
 *(.init8)
 *(.init8)
 *(.init9)
 .init9         0x000001f6        0x8 c:/winavr-20081205/bin/../lib/gcc/avr/4.3.2/../../../../avr/lib/avr5/crtm169.o
 *(.init9)
 *(.text)
 .text          0x000001fe        0x4 c:/winavr-20081205/bin/../lib/gcc/avr/4.3.2/../../../../avr/lib/avr5/crtm169.o
                0x000001fe                __vector_1
                0x000001fe                __vector_12
                0x000001fe                __bad_interrupt
                0x000001fe                __vector_6
                0x000001fe                __vector_3
                0x000001fe                __vector_11
                0x000001fe                __vector_17
                0x000001fe                __vector_19
                0x000001fe                __vector_7
                0x000001fe                __vector_4
                0x000001fe                __vector_9
                0x000001fe                __vector_2
                0x000001fe                __vector_21
                0x000001fe                __vector_15
                0x000001fe                __vector_8
                0x000001fe                __vector_10
                0x000001fe                __vector_16
                0x000001fe                __vector_18
                0x000001fe                __vector_20
 .text          0x00000202      0x23c AVRBFLY.o
                0x00000398                InitBuzzer
                0x00000202                set_seed
                0x00000268                InitBoard
                0x00000364                autoADCps
                0x000002ec                delay_ds
 .text          0x0000043e      0x59e dataflash.o
                0x00000532                Page_To_Buffer
                0x000004aa                Read_DF_status
                0x000007cc                Buffer_Write_Str
                0x00000872                Buffer_To_Page
                0x000005e8                Buffer_Read_Byte
                0x00000928                Cont_Flash_Read_Enable
                0x00000706                Buffer_Write_Enable
                0x00000478                DF_SPI_RW
                0x00000764                Buffer_Write_Byte
                0x0000043e                DF_SPI_init
                0x00000658                Buffer_Read_Str
 .text          0x000009dc      0x5c4 Macro_lcd.o
                0x00000cfe                __vector_22
                0x00000a24                LCD_Clear
                0x00000ecc                LCD_puts_f
                0x00000b5c                LCD_Colon
                0x00000bb8                LCD_WriteDigit
                0x00000ba6                LCD_FlashReset
                0x00000a5a                LCD_puts
                0x00000b76                LCD_UpdateRequired
                0x000009dc                LCD_Init
                0x00000b20                LCD_putc
                0x00000cbe                LCD_AllSegments
 .text          0x00000fa0      0x422 uart.o
                0x00001252                uart_read_line
                0x000011c8                uart_puts
                0x00001202                uart_puts_p
                0x00000fa0                __vector_13
                0x000010a4                uart_init
                0x0000110c                uart_getc
                0x0000117a                uart_putc
                0x00001028                __vector_14
 .text          0x000013c2     0x1502 name_of_project_v2.o
                0x00001422                set_volume
                0x00001670                main
                0x000013c2                WAIT_FOR_RELEASE_JOYSTICK_ALL
 .text          0x000028c4      0x5f4 RTC.o
                0x00002af0                SetClock
                0x00002e3e                __vector_5
                0x00002ac4                get_minute
                0x00002914                RTC_init
                0x000028c4                Delay
                0x00002aae                get_second
                0x000029ba                ShowClock
                0x00002ada                get_hour
 .text          0x00002eb8       0xc2 BCD.o
                0x00002eb8                CHAR2BCD2
                0x00002efc                CHAR2BCD3
 .text          0x00002f7a        0x0 c:/winavr-20081205/bin/../lib/gcc/avr/4.3.2/avr5\libgcc.a(_mulsi3.o)
 .text          0x00002f7a        0x0 c:/winavr-20081205/bin/../lib/gcc/avr/4.3.2/avr5\libgcc.a(_divmodsi4.o)
 .text          0x00002f7a        0x0 c:/winavr-20081205/bin/../lib/gcc/avr/4.3.2/avr5\libgcc.a(_exit.o)
 .text          0x00002f7a        0x0 c:/winavr-20081205/bin/../lib/gcc/avr/4.3.2/avr5\libgcc.a(_copy_data.o)
 .text          0x00002f7a        0x0 c:/winavr-20081205/bin/../lib/gcc/avr/4.3.2/avr5\libgcc.a(_clear_bss.o)
 .text          0x00002f7a       0xbc c:/winavr-20081205/bin/../lib/gcc/avr/4.3.2/avr5\libgcc.a(_si_to_sf.o)
                0x00002f7a                __floatsisf
 .text          0x00003036       0xa8 c:/winavr-20081205/bin/../lib/gcc/avr/4.3.2/avr5\libgcc.a(_sf_to_si.o)
                0x00003036                __fixsfsi
 .text          0x000030de        0x0 c:/winavr-20081205/bin/../lib/gcc/avr/4.3.2/avr5\libgcc.a(_udivmodsi4.o)
 .text          0x000030de        0x0 c:/winavr-20081205/bin/../lib/gcc/avr/4.3.2/avr5\libgcc.a(_prologue.o)
 .text          0x000030de        0x0 c:/winavr-20081205/bin/../lib/gcc/avr/4.3.2/avr5\libgcc.a(_epilogue.o)
 .text          0x000030de       0x9e c:/winavr-20081205/bin/../lib/gcc/avr/4.3.2/avr5\libgcc.a(_clzsi2.o)
                0x000030de                __clzsi2
 .text          0x0000317c      0x1aa c:/winavr-20081205/bin/../lib/gcc/avr/4.3.2/avr5\libgcc.a(_pack_sf.o)
                0x0000317c                __pack_f
 .text          0x00003326       0xf0 c:/winavr-20081205/bin/../lib/gcc/avr/4.3.2/avr5\libgcc.a(_unpack_sf.o)
                0x00003326                __unpack_f
 .text          0x00003416        0x0 c:/winavr-20081205/bin/../lib/gcc/avr/4.3.2/avr5\libgcc.a(_clz.o)
 .text          0x00003416       0x42 c:/winavr-20081205/bin/../lib/gcc/avr/4.3.2/../../../../avr/lib/avr5\libc.a(dtostrf.o)
                0x00003416                dtostrf
 .text          0x00003458       0xc2 c:/winavr-20081205/bin/../lib/gcc/avr/4.3.2/../../../../avr/lib/avr5\libc.a(random.o)
                0x000034fe                random
                0x000034f8                random_r
                0x00003508                srandom
 .text          0x0000351a      0x2c4 c:/winavr-20081205/bin/../lib/gcc/avr/4.3.2/../../../../avr/lib/avr5\libc.a(dtoa_prf.o)
                0x0000351a                dtoa_prf
 .text          0x000037de      0x1b0 c:/winavr-20081205/bin/../lib/gcc/avr/4.3.2/../../../../avr/lib/avr5\libc.a(ftoa_engine.o)
                0x000037de                __ftoa_engine
                0x0000398e                . = ALIGN (0x2)
 *(.text.*)
 .text.libgcc   0x0000398e       0x3e c:/winavr-20081205/bin/../lib/gcc/avr/4.3.2/avr5\libgcc.a(_mulsi3.o)
                0x0000398e                __mulsi3
 .text.libgcc   0x000039cc       0x36 c:/winavr-20081205/bin/../lib/gcc/avr/4.3.2/avr5\libgcc.a(_divmodsi4.o)
                0x000039cc                __divmodsi4
 .text.libgcc   0x00003a02        0x0 c:/winavr-20081205/bin/../lib/gcc/avr/4.3.2/avr5\libgcc.a(_exit.o)
 .text.libgcc   0x00003a02        0x0 c:/winavr-20081205/bin/../lib/gcc/avr/4.3.2/avr5\libgcc.a(_copy_data.o)
 .text.libgcc   0x00003a02        0x0 c:/winavr-20081205/bin/../lib/gcc/avr/4.3.2/avr5\libgcc.a(_clear_bss.o)
 .text.libgcc   0x00003a02       0x44 c:/winavr-20081205/bin/../lib/gcc/avr/4.3.2/avr5\libgcc.a(_udivmodsi4.o)
                0x00003a02                __udivmodsi4
 .text.libgcc   0x00003a46       0x38 c:/winavr-20081205/bin/../lib/gcc/avr/4.3.2/avr5\libgcc.a(_prologue.o)
                0x00003a46                __prologue_saves__
 .text.libgcc   0x00003a7e       0x36 c:/winavr-20081205/bin/../lib/gcc/avr/4.3.2/avr5\libgcc.a(_epilogue.o)
                0x00003a7e                __epilogue_restores__
                0x00003ab4                . = ALIGN (0x2)
 *(.fini9)
 .fini9         0x00003ab4        0x0 c:/winavr-20081205/bin/../lib/gcc/avr/4.3.2/avr5\libgcc.a(_exit.o)
                0x00003ab4                exit
                0x00003ab4                _exit
 *(.fini9)
 *(.fini8)
 *(.fini8)
 *(.fini7)
 *(.fini7)
 *(.fini6)
 *(.fini6)
 *(.fini5)
 *(.fini5)
 *(.fini4)
 *(.fini4)
 *(.fini3)
 *(.fini3)
 *(.fini2)
 *(.fini2)
 *(.fini1)
 *(.fini1)
 *(.fini0)
 .fini0         0x00003ab4        0x4 c:/winavr-20081205/bin/../lib/gcc/avr/4.3.2/avr5\libgcc.a(_exit.o)
 *(.fini0)
                0x00003ab8                _etext = .

.data           0x00800100      0x184 load address 0x00003ab8
                0x00800100                PROVIDE (__data_start, .)
 *(.data)
 .data          0x00800100        0x0 c:/winavr-20081205/bin/../lib/gcc/avr/4.3.2/../../../../avr/lib/avr5/crtm169.o
 .data          0x00800100        0x0 AVRBFLY.o
 .data          0x00800100       0x18 dataflash.o
                0x00800108                DF_pagesize
                0x00800100                DF_pagebits
 .data          0x00800118        0x2 Macro_lcd.o
                0x00800119                CONTRAST
 .data          0x0080011a        0x0 uart.o
 .data          0x0080011a       0x65 name_of_project_v2.o
 .data          0x0080017f        0x1 RTC.o
 .data          0x00800180        0x0 BCD.o
 .data          0x00800180        0x0 c:/winavr-20081205/bin/../lib/gcc/avr/4.3.2/avr5\libgcc.a(_mulsi3.o)
 .data          0x00800180        0x0 c:/winavr-20081205/bin/../lib/gcc/avr/4.3.2/avr5\libgcc.a(_divmodsi4.o)
 .data          0x00800180        0x0 c:/winavr-20081205/bin/../lib/gcc/avr/4.3.2/avr5\libgcc.a(_exit.o)
 .data          0x00800180        0x0 c:/winavr-20081205/bin/../lib/gcc/avr/4.3.2/avr5\libgcc.a(_copy_data.o)
 .data          0x00800180        0x0 c:/winavr-20081205/bin/../lib/gcc/avr/4.3.2/avr5\libgcc.a(_clear_bss.o)
 .data          0x00800180        0x0 c:/winavr-20081205/bin/../lib/gcc/avr/4.3.2/avr5\libgcc.a(_si_to_sf.o)
 .data          0x00800180        0x0 c:/winavr-20081205/bin/../lib/gcc/avr/4.3.2/avr5\libgcc.a(_sf_to_si.o)
 .data          0x00800180        0x0 c:/winavr-20081205/bin/../lib/gcc/avr/4.3.2/avr5\libgcc.a(_udivmodsi4.o)
 .data          0x00800180        0x0 c:/winavr-20081205/bin/../lib/gcc/avr/4.3.2/avr5\libgcc.a(_prologue.o)
 .data          0x00800180        0x0 c:/winavr-20081205/bin/../lib/gcc/avr/4.3.2/avr5\libgcc.a(_epilogue.o)
 .data          0x00800180        0x0 c:/winavr-20081205/bin/../lib/gcc/avr/4.3.2/avr5\libgcc.a(_clzsi2.o)
 .data          0x00800180        0x0 c:/winavr-20081205/bin/../lib/gcc/avr/4.3.2/avr5\libgcc.a(_pack_sf.o)
 .data          0x00800180        0x0 c:/winavr-20081205/bin/../lib/gcc/avr/4.3.2/avr5\libgcc.a(_unpack_sf.o)
 .data          0x00800180      0x100 c:/winavr-20081205/bin/../lib/gcc/avr/4.3.2/avr5\libgcc.a(_clz.o)
                0x00800180                __clz_tab
 .data          0x00800280        0x0 c:/winavr-20081205/bin/../lib/gcc/avr/4.3.2/../../../../avr/lib/avr5\libc.a(dtostrf.o)
 .data          0x00800280        0x4 c:/winavr-20081205/bin/../lib/gcc/avr/4.3.2/../../../../avr/lib/avr5\libc.a(random.o)
 .data          0x00800284        0x0 c:/winavr-20081205/bin/../lib/gcc/avr/4.3.2/../../../../avr/lib/avr5\libc.a(dtoa_prf.o)
 .data          0x00800284        0x0 c:/winavr-20081205/bin/../lib/gcc/avr/4.3.2/../../../../avr/lib/avr5\libc.a(ftoa_engine.o)
 *(.data*)
 *(.rodata)
 *(.rodata*)
 *(.gnu.linkonce.d*)
                0x00800284                . = ALIGN (0x2)
                0x00800284                _edata = .
                0x00800284                PROVIDE (__data_end, .)

.bss            0x00800284      0x11f
                0x00800284                PROVIDE (__bss_start, .)
 *(.bss)
 .bss           0x00800284        0x0 c:/winavr-20081205/bin/../lib/gcc/avr/4.3.2/../../../../avr/lib/avr5/crtm169.o
 .bss           0x00800284        0x0 AVRBFLY.o
 .bss           0x00800284        0x0 dataflash.o
 .bss           0x00800284        0x5 Macro_lcd.o
                0x00800284                gLCD_Update_Required
                0x00800287                gColon
                0x00800286                gFlashTimer
                0x00800285                gLCD_Start_Scroll_Timer
 .bss           0x00800289       0xa5 uart.o
 .bss           0x0080032e        0x0 name_of_project_v2.o
 .bss           0x0080032e        0x5 RTC.o
                0x0080032e                gPowerSaveTimer
 .bss           0x00800333        0x0 BCD.o
 .bss           0x00800333        0x0 c:/winavr-20081205/bin/../lib/gcc/avr/4.3.2/avr5\libgcc.a(_mulsi3.o)
 .bss           0x00800333        0x0 c:/winavr-20081205/bin/../lib/gcc/avr/4.3.2/avr5\libgcc.a(_divmodsi4.o)
 .bss           0x00800333        0x0 c:/winavr-20081205/bin/../lib/gcc/avr/4.3.2/avr5\libgcc.a(_exit.o)
 .bss           0x00800333        0x0 c:/winavr-20081205/bin/../lib/gcc/avr/4.3.2/avr5\libgcc.a(_copy_data.o)
 .bss           0x00800333        0x0 c:/winavr-20081205/bin/../lib/gcc/avr/4.3.2/avr5\libgcc.a(_clear_bss.o)
 .bss           0x00800333        0x0 c:/winavr-20081205/bin/../lib/gcc/avr/4.3.2/avr5\libgcc.a(_si_to_sf.o)
 .bss           0x00800333        0x0 c:/winavr-20081205/bin/../lib/gcc/avr/4.3.2/avr5\libgcc.a(_sf_to_si.o)
 .bss           0x00800333        0x0 c:/winavr-20081205/bin/../lib/gcc/avr/4.3.2/avr5\libgcc.a(_udivmodsi4.o)
 .bss           0x00800333        0x0 c:/winavr-20081205/bin/../lib/gcc/avr/4.3.2/avr5\libgcc.a(_prologue.o)
 .bss           0x00800333        0x0 c:/winavr-20081205/bin/../lib/gcc/avr/4.3.2/avr5\libgcc.a(_epilogue.o)
 .bss           0x00800333        0x0 c:/winavr-20081205/bin/../lib/gcc/avr/4.3.2/avr5\libgcc.a(_clzsi2.o)
 .bss           0x00800333        0x0 c:/winavr-20081205/bin/../lib/gcc/avr/4.3.2/avr5\libgcc.a(_pack_sf.o)
 .bss           0x00800333        0x0 c:/winavr-20081205/bin/../lib/gcc/avr/4.3.2/avr5\libgcc.a(_unpack_sf.o)
 .bss           0x00800333        0x0 c:/winavr-20081205/bin/../lib/gcc/avr/4.3.2/avr5\libgcc.a(_clz.o)
 .bss           0x00800333        0x0 c:/winavr-20081205/bin/../lib/gcc/avr/4.3.2/../../../../avr/lib/avr5\libc.a(dtostrf.o)
 .bss           0x00800333        0x0 c:/winavr-20081205/bin/../lib/gcc/avr/4.3.2/../../../../avr/lib/avr5\libc.a(random.o)
 .bss           0x00800333        0x0 c:/winavr-20081205/bin/../lib/gcc/avr/4.3.2/../../../../avr/lib/avr5\libc.a(dtoa_prf.o)
 .bss           0x00800333        0x0 c:/winavr-20081205/bin/../lib/gcc/avr/4.3.2/../../../../avr/lib/avr5\libc.a(ftoa_engine.o)
 *(.bss*)
 *(COMMON)
 COMMON         0x00800333        0x3 dataflash.o
                0x00800333                PageBits
                0x00800334                PageSize
 COMMON         0x00800336       0x51 Macro_lcd.o
                0x00800336                gScrollMode
                0x00800337                lcd_str
                0x00800355                v
                0x00800359                LCD_Data
                0x0080036d                gTextBuffer
                0x00800386                gScroll
 COMMON         0x00800387       0x15 uart.o
                0x00800387                uart_str
 COMMON         0x0080039c        0x7 RTC.o
                0x0080039c                gHOUR
                0x0080039d                gSECOND
                0x0080039e                gDAY
                0x0080039f                gYEAR
                0x008003a1                gMONTH
                0x008003a2                gMINUTE
                0x008003a3                PROVIDE (__bss_end, .)
                0x00003ab8                __data_load_start = LOADADDR (.data)
                0x00003c3c                __data_load_end = (__data_load_start + SIZEOF (.data))

.noinit         0x008003a3        0x0
                0x008003a3                PROVIDE (__noinit_start, .)
 *(.noinit*)
                0x008003a3                PROVIDE (__noinit_end, .)
                0x008003a3                _end = .
                0x008003a3                PROVIDE (__heap_start, .)

.eeprom         0x00810000        0x0
 *(.eeprom*)
                0x00810000                __eeprom_end = .

.fuse
 *(.fuse)
 *(.lfuse)
 *(.hfuse)
 *(.efuse)

.lock
 *(.lock*)

.signature
 *(.signature*)

.stab
 *(.stab)

.stabstr
 *(.stabstr)

.stab.excl
 *(.stab.excl)

.stab.exclstr
 *(.stab.exclstr)

.stab.index
 *(.stab.index)

.stab.indexstr
 *(.stab.indexstr)

.comment
 *(.comment)

.debug
 *(.debug)

.line
 *(.line)

.debug_srcinfo
 *(.debug_srcinfo)

.debug_sfnames
 *(.debug_sfnames)

.debug_aranges  0x00000000       0xe0
 *(.debug_aranges)
 .debug_aranges
                0x00000000       0x20 AVRBFLY.o
 .debug_aranges
                0x00000020       0x20 dataflash.o
 .debug_aranges
                0x00000040       0x20 Macro_lcd.o
 .debug_aranges
                0x00000060       0x20 uart.o
 .debug_aranges
                0x00000080       0x20 name_of_project_v2.o
 .debug_aranges
                0x000000a0       0x20 RTC.o
 .debug_aranges
                0x000000c0       0x20 BCD.o

.debug_pubnames
                0x00000000      0x50b
 *(.debug_pubnames)
 .debug_pubnames
                0x00000000       0x57 AVRBFLY.o
 .debug_pubnames
                0x00000057      0x12a dataflash.o
 .debug_pubnames
                0x00000181      0x185 Macro_lcd.o
 .debug_pubnames
                0x00000306       0x9a uart.o
 .debug_pubnames
                0x000003a0       0x6b name_of_project_v2.o
 .debug_pubnames
                0x0000040b       0xd2 RTC.o
 .debug_pubnames
                0x000004dd       0x2e BCD.o

.debug_info     0x00000000     0x141e
 *(.debug_info)
 .debug_info    0x00000000      0x193 AVRBFLY.o
 .debug_info    0x00000193      0x37d dataflash.o
 .debug_info    0x00000510      0x509 Macro_lcd.o
 .debug_info    0x00000a19      0x362 uart.o
 .debug_info    0x00000d7b      0x33d name_of_project_v2.o
 .debug_info    0x000010b8      0x2b9 RTC.o
 .debug_info    0x00001371       0xad BCD.o
 *(.gnu.linkonce.wi.*)

.debug_abbrev   0x00000000      0x6c4
 *(.debug_abbrev)
 .debug_abbrev  0x00000000       0xb3 AVRBFLY.o
 .debug_abbrev  0x000000b3      0x106 dataflash.o
 .debug_abbrev  0x000001b9      0x165 Macro_lcd.o
 .debug_abbrev  0x0000031e      0x133 uart.o
 .debug_abbrev  0x00000451      0x110 name_of_project_v2.o
 .debug_abbrev  0x00000561      0x102 RTC.o
 .debug_abbrev  0x00000663       0x61 BCD.o

.debug_line     0x00000000     0x1acb
 *(.debug_line)
 .debug_line    0x00000000      0x1c2 AVRBFLY.o
 .debug_line    0x000001c2      0x3f3 dataflash.o
 .debug_line    0x000005b5      0x505 Macro_lcd.o
 .debug_line    0x00000aba      0x2a1 uart.o
 .debug_line    0x00000d5b      0x825 name_of_project_v2.o
 .debug_line    0x00001580      0x46e RTC.o
 .debug_line    0x000019ee       0xdd BCD.o

.debug_frame    0x00000000      0x370
 *(.debug_frame)
 .debug_frame   0x00000000       0x60 AVRBFLY.o
 .debug_frame   0x00000060       0xc0 dataflash.o
 .debug_frame   0x00000120       0xc0 Macro_lcd.o
 .debug_frame   0x000001e0       0x90 uart.o
 .debug_frame   0x00000270       0x40 name_of_project_v2.o
 .debug_frame   0x000002b0       0x90 RTC.o
 .debug_frame   0x00000340       0x30 BCD.o

.debug_str      0x00000000      0xa20
 *(.debug_str)
 .debug_str     0x00000000      0x136 AVRBFLY.o
                                0x16f (size before relaxing)
 .debug_str     0x00000136      0x12c dataflash.o
                                0x22e (size before relaxing)
 .debug_str     0x00000262      0x197 Macro_lcd.o
                                0x29b (size before relaxing)
 .debug_str     0x000003f9      0x10a uart.o
                                0x21f (size before relaxing)
 .debug_str     0x00000503      0x456 name_of_project_v2.o
                                0x56d (size before relaxing)
 .debug_str     0x00000959       0xa5 RTC.o
                                0x1ad (size before relaxing)
 .debug_str     0x000009fe       0x22 BCD.o
                                 0xbb (size before relaxing)

.debug_loc
 *(.debug_loc)

.debug_macinfo
 *(.debug_macinfo)
OUTPUT(Butterfly2014.elf elf32-avr)
LOAD linker stubs
