Archive member included because of file (symbol)

c:/winavr-20081205/bin/../lib/gcc/avr/4.3.2/avr5\libgcc.a(_mulsi3.o)
                              uart.o (__mulsi3)
c:/winavr-20081205/bin/../lib/gcc/avr/4.3.2/avr5\libgcc.a(_divmodsi4.o)
                              AVRBFLY.o (__divmodsi4)
c:/winavr-20081205/bin/../lib/gcc/avr/4.3.2/avr5\libgcc.a(_exit.o)
                              c:/winavr-20081205/bin/../lib/gcc/avr/4.3.2/../../../../avr/lib/avr5/crtm169.o (exit)
c:/winavr-20081205/bin/../lib/gcc/avr/4.3.2/avr5\libgcc.a(_copy_data.o)
                              AVRBFLY.o (__do_copy_data)
c:/winavr-20081205/bin/../lib/gcc/avr/4.3.2/avr5\libgcc.a(_clear_bss.o)
                              AVRBFLY.o (__do_clear_bss)
c:/winavr-20081205/bin/../lib/gcc/avr/4.3.2/avr5\libgcc.a(_udivmodsi4.o)
                              c:/winavr-20081205/bin/../lib/gcc/avr/4.3.2/avr5\libgcc.a(_divmodsi4.o) (__udivmodsi4)
c:/winavr-20081205/bin/../lib/gcc/avr/4.3.2/../../../../avr/lib/avr5\libc.a(random.o)
                              AVRBFLY.o (srandom)
c:/winavr-20081205/bin/../lib/gcc/avr/4.3.2/avr5\libgcc.a(_prologue.o)
                              c:/winavr-20081205/bin/../lib/gcc/avr/4.3.2/../../../../avr/lib/avr5\libc.a(random.o) (__prologue_saves__)
c:/winavr-20081205/bin/../lib/gcc/avr/4.3.2/avr5\libgcc.a(_epilogue.o)
                              c:/winavr-20081205/bin/../lib/gcc/avr/4.3.2/../../../../avr/lib/avr5\libc.a(random.o) (__epilogue_restores__)

Allocating common symbols
Common symbol       size              file

PageBits            0x1               dataflash.o
gScrollMode         0x1               Macro_lcd.o
uart_str            0x15              uart.o
lcd_str             0x1e              Macro_lcd.o
v                   0x4               Macro_lcd.o
LCD_Data            0x14              Macro_lcd.o
gTextBuffer         0x19              Macro_lcd.o
PageSize            0x2               dataflash.o
gScroll             0x1               Macro_lcd.o

Memory Configuration

Name             Origin             Length             Attributes
text             0x00000000         0x00020000         xr
data             0x00800060         0x0000ffa0         rw !x
eeprom           0x00810000         0x00010000         rw !x
fuse             0x00820000         0x00000400         rw !x
lock             0x00830000         0x00000400         rw !x
signature        0x00840000         0x00000400         rw !x
*default*        0x00000000         0xffffffff

Linker script and memory map

Address of section .data set to 0x800100
LOAD c:/winavr-20081205/bin/../lib/gcc/avr/4.3.2/../../../../avr/lib/avr5/crtm169.o
LOAD AVRBFLY.o
LOAD dataflash.o
LOAD Macro_lcd.o
LOAD uart.o
LOAD name_of_project_v1.o
LOAD c:/winavr-20081205/bin/../lib/gcc/avr/4.3.2/avr5\libgcc.a
LOAD c:/winavr-20081205/bin/../lib/gcc/avr/4.3.2/../../../../avr/lib/avr5\libc.a
LOAD c:/winavr-20081205/bin/../lib/gcc/avr/4.3.2/avr5\libgcc.a

.hash
 *(.hash)

.dynsym
 *(.dynsym)

.dynstr
 *(.dynstr)

.gnu.version
 *(.gnu.version)

.gnu.version_d
 *(.gnu.version_d)

.gnu.version_r
 *(.gnu.version_r)

.rel.init
 *(.rel.init)

.rela.init
 *(.rela.init)

.rel.text
 *(.rel.text)
 *(.rel.text.*)
 *(.rel.gnu.linkonce.t*)

.rela.text
 *(.rela.text)
 *(.rela.text.*)
 *(.rela.gnu.linkonce.t*)

.rel.fini
 *(.rel.fini)

.rela.fini
 *(.rela.fini)

.rel.rodata
 *(.rel.rodata)
 *(.rel.rodata.*)
 *(.rel.gnu.linkonce.r*)

.rela.rodata
 *(.rela.rodata)
 *(.rela.rodata.*)
 *(.rela.gnu.linkonce.r*)

.rel.data
 *(.rel.data)
 *(.rel.data.*)
 *(.rel.gnu.linkonce.d*)

.rela.data
 *(.rela.data)
 *(.rela.data.*)
 *(.rela.gnu.linkonce.d*)

.rel.ctors
 *(.rel.ctors)

.rela.ctors
 *(.rela.ctors)

.rel.dtors
 *(.rel.dtors)

.rela.dtors
 *(.rela.dtors)

.rel.got
 *(.rel.got)

.rela.got
 *(.rela.got)

.rel.bss
 *(.rel.bss)

.rela.bss
 *(.rela.bss)

.rel.plt
 *(.rel.plt)

.rela.plt
 *(.rela.plt)

.text           0x00000000     0x204c
 *(.vectors)
 .vectors       0x00000000       0x5c c:/winavr-20081205/bin/../lib/gcc/avr/4.3.2/../../../../avr/lib/avr5/crtm169.o
                0x00000000                __vectors
                0x00000000                __vector_default
 *(.vectors)
 *(.progmem.gcc*)
 *(.progmem*)
 .progmem.data  0x0000005c       0x6e Macro_lcd.o
                0x0000005c                LCD_character_table
                0x000000ca                . = ALIGN (0x2)
                0x000000ca                __trampolines_start = .
 *(.trampolines)
 .trampolines   0x000000ca        0x0 linker stubs
 *(.trampolines*)
                0x000000ca                __trampolines_end = .
 *(.jumptables)
 *(.jumptables*)
 *(.lowtext)
 *(.lowtext*)
                0x000000ca                __ctors_start = .
 *(.ctors)
                0x000000ca                __ctors_end = .
                0x000000ca                __dtors_start = .
 *(.dtors)
                0x000000ca                __dtors_end = .
 SORT(*)(.ctors)
 SORT(*)(.dtors)
 *(.init0)
 .init0         0x000000ca        0x0 c:/winavr-20081205/bin/../lib/gcc/avr/4.3.2/../../../../avr/lib/avr5/crtm169.o
                0x000000ca                __init
 *(.init0)
 *(.init1)
 *(.init1)
 *(.init2)
 .init2         0x000000ca        0xc c:/winavr-20081205/bin/../lib/gcc/avr/4.3.2/../../../../avr/lib/avr5/crtm169.o
 *(.init2)
 *(.init3)
 *(.init3)
 *(.init4)
 .init4         0x000000d6       0x16 c:/winavr-20081205/bin/../lib/gcc/avr/4.3.2/avr5\libgcc.a(_copy_data.o)
                0x000000d6                __do_copy_data
 .init4         0x000000ec       0x10 c:/winavr-20081205/bin/../lib/gcc/avr/4.3.2/avr5\libgcc.a(_clear_bss.o)
                0x000000ec                __do_clear_bss
 *(.init4)
 *(.init5)
 *(.init5)
 *(.init6)
 *(.init6)
 *(.init7)
 *(.init7)
 *(.init8)
 *(.init8)
 *(.init9)
 .init9         0x000000fc        0x8 c:/winavr-20081205/bin/../lib/gcc/avr/4.3.2/../../../../avr/lib/avr5/crtm169.o
 *(.init9)
 *(.text)
 .text          0x00000104        0x4 c:/winavr-20081205/bin/../lib/gcc/avr/4.3.2/../../../../avr/lib/avr5/crtm169.o
                0x00000104                __vector_1
                0x00000104                __vector_12
                0x00000104                __bad_interrupt
                0x00000104                __vector_6
                0x00000104                __vector_3
                0x00000104                __vector_11
                0x00000104                __vector_17
                0x00000104                __vector_19
                0x00000104                __vector_7
                0x00000104                __vector_5
                0x00000104                __vector_4
                0x00000104                __vector_9
                0x00000104                __vector_2
                0x00000104                __vector_21
                0x00000104                __vector_15
                0x00000104                __vector_8
                0x00000104                __vector_10
                0x00000104                __vector_16
                0x00000104                __vector_18
                0x00000104                __vector_20
 .text          0x00000108      0x23c AVRBFLY.o
                0x0000029e                InitBuzzer
                0x00000108                set_seed
                0x0000016e                InitBoard
                0x0000026a                autoADCps
                0x000001f2                delay_ds
 .text          0x00000344      0x59e dataflash.o
                0x00000438                Page_To_Buffer
                0x000003b0                Read_DF_status
                0x000006d2                Buffer_Write_Str
                0x00000778                Buffer_To_Page
                0x000004ee                Buffer_Read_Byte
                0x0000082e                Cont_Flash_Read_Enable
                0x0000060c                Buffer_Write_Enable
                0x0000037e                DF_SPI_RW
                0x0000066a                Buffer_Write_Byte
                0x00000344                DF_SPI_init
                0x0000055e                Buffer_Read_Str
 .text          0x000008e2      0x5c4 Macro_lcd.o
                0x00000c04                __vector_22
                0x0000092a                LCD_Clear
                0x00000dd2                LCD_puts_f
                0x00000a62                LCD_Colon
                0x00000abe                LCD_WriteDigit
                0x00000aac                LCD_FlashReset
                0x00000960                LCD_puts
                0x00000a7c                LCD_UpdateRequired
                0x000008e2                LCD_Init
                0x00000a26                LCD_putc
                0x00000bc4                LCD_AllSegments
 .text          0x00000ea6      0x422 uart.o
                0x00001158                uart_read_line
                0x000010ce                uart_puts
                0x00001108                uart_puts_p
                0x00000ea6                __vector_13
                0x00000faa                uart_init
                0x00001012                uart_getc
                0x00001080                uart_putc
                0x00000f2e                __vector_14
 .text          0x000012c8      0xb98 name_of_project_v1.o
                0x00001328                main
                0x000012c8                WAIT_FOR_RELEASE_JOYSTICK_ALL
 .text          0x00001e60        0x0 c:/winavr-20081205/bin/../lib/gcc/avr/4.3.2/avr5\libgcc.a(_mulsi3.o)
 .text          0x00001e60        0x0 c:/winavr-20081205/bin/../lib/gcc/avr/4.3.2/avr5\libgcc.a(_divmodsi4.o)
 .text          0x00001e60        0x0 c:/winavr-20081205/bin/../lib/gcc/avr/4.3.2/avr5\libgcc.a(_exit.o)
 .text          0x00001e60        0x0 c:/winavr-20081205/bin/../lib/gcc/avr/4.3.2/avr5\libgcc.a(_copy_data.o)
 .text          0x00001e60        0x0 c:/winavr-20081205/bin/../lib/gcc/avr/4.3.2/avr5\libgcc.a(_clear_bss.o)
 .text          0x00001e60        0x0 c:/winavr-20081205/bin/../lib/gcc/avr/4.3.2/avr5\libgcc.a(_udivmodsi4.o)
 .text          0x00001e60       0xc2 c:/winavr-20081205/bin/../lib/gcc/avr/4.3.2/../../../../avr/lib/avr5\libc.a(random.o)
                0x00001f06                random
                0x00001f00                random_r
                0x00001f10                srandom
 .text          0x00001f22        0x0 c:/winavr-20081205/bin/../lib/gcc/avr/4.3.2/avr5\libgcc.a(_prologue.o)
 .text          0x00001f22        0x0 c:/winavr-20081205/bin/../lib/gcc/avr/4.3.2/avr5\libgcc.a(_epilogue.o)
                0x00001f22                . = ALIGN (0x2)
 *(.text.*)
 .text.libgcc   0x00001f22       0x3e c:/winavr-20081205/bin/../lib/gcc/avr/4.3.2/avr5\libgcc.a(_mulsi3.o)
                0x00001f22                __mulsi3
 .text.libgcc   0x00001f60       0x36 c:/winavr-20081205/bin/../lib/gcc/avr/4.3.2/avr5\libgcc.a(_divmodsi4.o)
                0x00001f60                __divmodsi4
 .text.libgcc   0x00001f96        0x0 c:/winavr-20081205/bin/../lib/gcc/avr/4.3.2/avr5\libgcc.a(_exit.o)
 .text.libgcc   0x00001f96        0x0 c:/winavr-20081205/bin/../lib/gcc/avr/4.3.2/avr5\libgcc.a(_copy_data.o)
 .text.libgcc   0x00001f96        0x0 c:/winavr-20081205/bin/../lib/gcc/avr/4.3.2/avr5\libgcc.a(_clear_bss.o)
 .text.libgcc   0x00001f96       0x44 c:/winavr-20081205/bin/../lib/gcc/avr/4.3.2/avr5\libgcc.a(_udivmodsi4.o)
                0x00001f96                __udivmodsi4
 .text.libgcc   0x00001fda       0x38 c:/winavr-20081205/bin/../lib/gcc/avr/4.3.2/avr5\libgcc.a(_prologue.o)
                0x00001fda                __prologue_saves__
 .text.libgcc   0x00002012       0x36 c:/winavr-20081205/bin/../lib/gcc/avr/4.3.2/avr5\libgcc.a(_epilogue.o)
                0x00002012                __epilogue_restores__
                0x00002048                . = ALIGN (0x2)
 *(.fini9)
 .fini9         0x00002048        0x0 c:/winavr-20081205/bin/../lib/gcc/avr/4.3.2/avr5\libgcc.a(_exit.o)
                0x00002048                exit
                0x00002048                _exit
 *(.fini9)
 *(.fini8)
 *(.fini8)
 *(.fini7)
 *(.fini7)
 *(.fini6)
 *(.fini6)
 *(.fini5)
 *(.fini5)
 *(.fini4)
 *(.fini4)
 *(.fini3)
 *(.fini3)
 *(.fini2)
 *(.fini2)
 *(.fini1)
 *(.fini1)
 *(.fini0)
 .fini0         0x00002048        0x4 c:/winavr-20081205/bin/../lib/gcc/avr/4.3.2/avr5\libgcc.a(_exit.o)
 *(.fini0)
                0x0000204c                _etext = .

.data           0x00800100       0x6c load address 0x0000204c
                0x00800100                PROVIDE (__data_start, .)
 *(.data)
 .data          0x00800100        0x0 c:/winavr-20081205/bin/../lib/gcc/avr/4.3.2/../../../../avr/lib/avr5/crtm169.o
 .data          0x00800100        0x0 AVRBFLY.o
 .data          0x00800100       0x18 dataflash.o
                0x00800108                DF_pagesize
                0x00800100                DF_pagebits
 .data          0x00800118        0x2 Macro_lcd.o
                0x00800119                CONTRAST
 .data          0x0080011a        0x0 uart.o
 .data          0x0080011a       0x4e name_of_project_v1.o
 .data          0x00800168        0x0 c:/winavr-20081205/bin/../lib/gcc/avr/4.3.2/avr5\libgcc.a(_mulsi3.o)
 .data          0x00800168        0x0 c:/winavr-20081205/bin/../lib/gcc/avr/4.3.2/avr5\libgcc.a(_divmodsi4.o)
 .data          0x00800168        0x0 c:/winavr-20081205/bin/../lib/gcc/avr/4.3.2/avr5\libgcc.a(_exit.o)
 .data          0x00800168        0x0 c:/winavr-20081205/bin/../lib/gcc/avr/4.3.2/avr5\libgcc.a(_copy_data.o)
 .data          0x00800168        0x0 c:/winavr-20081205/bin/../lib/gcc/avr/4.3.2/avr5\libgcc.a(_clear_bss.o)
 .data          0x00800168        0x0 c:/winavr-20081205/bin/../lib/gcc/avr/4.3.2/avr5\libgcc.a(_udivmodsi4.o)
 .data          0x00800168        0x4 c:/winavr-20081205/bin/../lib/gcc/avr/4.3.2/../../../../avr/lib/avr5\libc.a(random.o)
 .data          0x0080016c        0x0 c:/winavr-20081205/bin/../lib/gcc/avr/4.3.2/avr5\libgcc.a(_prologue.o)
 .data          0x0080016c        0x0 c:/winavr-20081205/bin/../lib/gcc/avr/4.3.2/avr5\libgcc.a(_epilogue.o)
 *(.data*)
 *(.rodata)
 *(.rodata*)
 *(.gnu.linkonce.d*)
                0x0080016c                . = ALIGN (0x2)
                0x0080016c                _edata = .
                0x0080016c                PROVIDE (__data_end, .)

.bss            0x0080016c      0x113
                0x0080016c                PROVIDE (__bss_start, .)
 *(.bss)
 .bss           0x0080016c        0x0 c:/winavr-20081205/bin/../lib/gcc/avr/4.3.2/../../../../avr/lib/avr5/crtm169.o
 .bss           0x0080016c        0x0 AVRBFLY.o
 .bss           0x0080016c        0x0 dataflash.o
 .bss           0x0080016c        0x5 Macro_lcd.o
                0x0080016c                gLCD_Update_Required
                0x0080016f                gColon
                0x0080016e                gFlashTimer
                0x0080016d                gLCD_Start_Scroll_Timer
 .bss           0x00800171       0xa5 uart.o
 .bss           0x00800216        0x0 name_of_project_v1.o
 .bss           0x00800216        0x0 c:/winavr-20081205/bin/../lib/gcc/avr/4.3.2/avr5\libgcc.a(_mulsi3.o)
 .bss           0x00800216        0x0 c:/winavr-20081205/bin/../lib/gcc/avr/4.3.2/avr5\libgcc.a(_divmodsi4.o)
 .bss           0x00800216        0x0 c:/winavr-20081205/bin/../lib/gcc/avr/4.3.2/avr5\libgcc.a(_exit.o)
 .bss           0x00800216        0x0 c:/winavr-20081205/bin/../lib/gcc/avr/4.3.2/avr5\libgcc.a(_copy_data.o)
 .bss           0x00800216        0x0 c:/winavr-20081205/bin/../lib/gcc/avr/4.3.2/avr5\libgcc.a(_clear_bss.o)
 .bss           0x00800216        0x0 c:/winavr-20081205/bin/../lib/gcc/avr/4.3.2/avr5\libgcc.a(_udivmodsi4.o)
 .bss           0x00800216        0x0 c:/winavr-20081205/bin/../lib/gcc/avr/4.3.2/../../../../avr/lib/avr5\libc.a(random.o)
 .bss           0x00800216        0x0 c:/winavr-20081205/bin/../lib/gcc/avr/4.3.2/avr5\libgcc.a(_prologue.o)
 .bss           0x00800216        0x0 c:/winavr-20081205/bin/../lib/gcc/avr/4.3.2/avr5\libgcc.a(_epilogue.o)
 *(.bss*)
 *(COMMON)
 COMMON         0x00800216        0x3 dataflash.o
                0x00800216                PageBits
                0x00800217                PageSize
 COMMON         0x00800219       0x51 Macro_lcd.o
                0x00800219                gScrollMode
                0x0080021a                lcd_str
                0x00800238                v
                0x0080023c                LCD_Data
                0x00800250                gTextBuffer
                0x00800269                gScroll
 COMMON         0x0080026a       0x15 uart.o
                0x0080026a                uart_str
                0x0080027f                PROVIDE (__bss_end, .)
                0x0000204c                __data_load_start = LOADADDR (.data)
                0x000020b8                __data_load_end = (__data_load_start + SIZEOF (.data))

.noinit         0x0080027f        0x0
                0x0080027f                PROVIDE (__noinit_start, .)
 *(.noinit*)
                0x0080027f                PROVIDE (__noinit_end, .)
                0x0080027f                _end = .
                0x0080027f                PROVIDE (__heap_start, .)

.eeprom         0x00810000        0x0
 *(.eeprom*)
                0x00810000                __eeprom_end = .

.fuse
 *(.fuse)
 *(.lfuse)
 *(.hfuse)
 *(.efuse)

.lock
 *(.lock*)

.signature
 *(.signature*)

.stab
 *(.stab)

.stabstr
 *(.stabstr)

.stab.excl
 *(.stab.excl)

.stab.exclstr
 *(.stab.exclstr)

.stab.index
 *(.stab.index)

.stab.indexstr
 *(.stab.indexstr)

.comment
 *(.comment)

.debug
 *(.debug)

.line
 *(.line)

.debug_srcinfo
 *(.debug_srcinfo)

.debug_sfnames
 *(.debug_sfnames)

.debug_aranges  0x00000000       0xa0
 *(.debug_aranges)
 .debug_aranges
                0x00000000       0x20 AVRBFLY.o
 .debug_aranges
                0x00000020       0x20 dataflash.o
 .debug_aranges
                0x00000040       0x20 Macro_lcd.o
 .debug_aranges
                0x00000060       0x20 uart.o
 .debug_aranges
                0x00000080       0x20 name_of_project_v1.o

.debug_pubnames
                0x00000000      0x3fc
 *(.debug_pubnames)
 .debug_pubnames
                0x00000000       0x57 AVRBFLY.o
 .debug_pubnames
                0x00000057      0x12a dataflash.o
 .debug_pubnames
                0x00000181      0x185 Macro_lcd.o
 .debug_pubnames
                0x00000306       0x9a uart.o
 .debug_pubnames
                0x000003a0       0x5c name_of_project_v1.o

.debug_info     0x00000000      0xf92
 *(.debug_info)
 .debug_info    0x00000000      0x193 AVRBFLY.o
 .debug_info    0x00000193      0x37d dataflash.o
 .debug_info    0x00000510      0x509 Macro_lcd.o
 .debug_info    0x00000a19      0x362 uart.o
 .debug_info    0x00000d7b      0x217 name_of_project_v1.o
 *(.gnu.linkonce.wi.*)

.debug_abbrev   0x00000000      0x50b
 *(.debug_abbrev)
 .debug_abbrev  0x00000000       0xb3 AVRBFLY.o
 .debug_abbrev  0x000000b3      0x106 dataflash.o
 .debug_abbrev  0x000001b9      0x165 Macro_lcd.o
 .debug_abbrev  0x0000031e      0x133 uart.o
 .debug_abbrev  0x00000451       0xba name_of_project_v1.o

.debug_line     0x00000000     0x12c0
 *(.debug_line)
 .debug_line    0x00000000      0x1c2 AVRBFLY.o
 .debug_line    0x000001c2      0x3f3 dataflash.o
 .debug_line    0x000005b5      0x505 Macro_lcd.o
 .debug_line    0x00000aba      0x2a1 uart.o
 .debug_line    0x00000d5b      0x565 name_of_project_v1.o

.debug_frame    0x00000000      0x2a0
 *(.debug_frame)
 .debug_frame   0x00000000       0x60 AVRBFLY.o
 .debug_frame   0x00000060       0xc0 dataflash.o
 .debug_frame   0x00000120       0xc0 Macro_lcd.o
 .debug_frame   0x000001e0       0x90 uart.o
 .debug_frame   0x00000270       0x30 name_of_project_v1.o

.debug_str      0x00000000      0x891
 *(.debug_str)
 .debug_str     0x00000000      0x136 AVRBFLY.o
                                0x16f (size before relaxing)
 .debug_str     0x00000136      0x12c dataflash.o
                                0x22e (size before relaxing)
 .debug_str     0x00000262      0x197 Macro_lcd.o
                                0x29b (size before relaxing)
 .debug_str     0x000003f9      0x10a uart.o
                                0x21f (size before relaxing)
 .debug_str     0x00000503      0x38e name_of_project_v1.o
                                0x493 (size before relaxing)

.debug_loc
 *(.debug_loc)

.debug_macinfo
 *(.debug_macinfo)
OUTPUT(Butterfly2014.elf elf32-avr)
LOAD linker stubs
